// Jest Snapshot v1, https://goo.gl/fbAQLP

exports[`matches snapshot 1`] = `
<div>
  <div
    className="css-shmk69"
    style={
      Object {
        "background": "url(bg.png)",
        "backgroundColor": "#718096",
        "backgroundPosition": "0px -94px",
        "backgroundSize": "1920px 940px",
      }
    }
  >
    <div
      className="chakra-button__group css-goy9dw"
      data-orientation="horizontal"
      role="group"
    >
      <h2
        className="chakra-heading css-kbn7if"
      >
        Welcome to LangChat
      </h2>
      <button
        className="chakra-button css-5hrk86"
        onClick={[Function]}
        type="button"
      >
        Login
      </button>
      <button
        className="chakra-button css-5hrk86"
        onClick={[Function]}
        type="button"
      >
        Register
      </button>
    </div>
  </div>
</div>
`;
