// Jest Snapshot v1, https://goo.gl/fbAQLP

exports[`matches snapshot 1`] = `
<div>
  <div
    className="css-d5rpz4"
  >
    <div
      className="css-1u83qib"
    >
      <div
        className="chakra-card css-1rtzu7b"
      >
        <div
          className="chakra-card__header css-0"
        >
          <div
            className="css-ibkbfz"
          >
            <h2
              className="chakra-heading css-0"
            >
               User Information
            </h2>
            <span
              Style="margin-left: auto; opacity: 100%;"
              className="chakra-avatar css-1ruhx4w"
              onClick={[Function]}
              onMouseEnter={[Function]}
              onMouseLeave={[Function]}
            >
              <svg
                aria-label=" avatar"
                className="chakra-avatar__svg css-16ite8i"
                role="img"
                viewBox="0 0 128 128"
              >
                <path
                  d="M103,102.1388 C93.094,111.92 79.3504,118 64.1638,118 C48.8056,118 34.9294,111.768 25,101.7892 L25,95.2 C25,86.8096 31.981,80 40.6,80 L87.4,80 C96.019,80 103,86.8096 103,95.2 L103,102.1388 Z"
                  fill="currentColor"
                />
                <path
                  d="M63.9961647,24 C51.2938136,24 41,34.2938136 41,46.9961647 C41,59.7061864 51.2938136,70 63.9961647,70 C76.6985159,70 87,59.7061864 87,46.9961647 C87,34.2938136 76.6985159,24 63.9961647,24"
                  fill="currentColor"
                />
              </svg>
            </span>
            <svg
              className="chakra-icon css-19um0o4"
              fill="currentColor"
              focusable={false}
              height="1em"
              stroke="currentColor"
              strokeWidth="0"
              style={
                Object {
                  "color": undefined,
                  "cursor": "pointer",
                  "opacity": 0,
                  "position": "relative",
                  "right": "6.75em",
                  "zIndex": 1,
                }
              }
              viewBox="0 0 1024 1024"
              width="1em"
              xmlns="http://www.w3.org/2000/svg"
            >
              <path
                d="M880 836H144c-17.7 0-32 14.3-32 32v36c0 4.4 3.6 8 8 8h784c4.4 0 8-3.6 8-8v-36c0-17.7-14.3-32-32-32zm-622.3-84c2 0 4-.2 6-.5L431.9 722c2-.4 3.9-1.3 5.3-2.8l423.9-423.9a9.96 9.96 0 0 0 0-14.1L694.9 114.9c-1.9-1.9-4.4-2.9-7.1-2.9s-5.2 1-7.1 2.9L256.8 538.8c-1.5 1.5-2.4 3.3-2.8 5.3l-29.5 168.2a33.5 33.5 0 0 0 9.4 29.8c6.6 6.4 14.9 9.9 23.8 9.9z"
              />
            </svg>
          </div>
        </div>
        <div
          className="chakra-card__body css-0"
        >
          <p
            className="chakra-text css-1n49pl7"
          >
            Forename: 
          </p>
          <br />
          <p
            className="chakra-text css-1n49pl7"
          >
            Surname: 
          </p>
          <br />
          <p
            className="chakra-text css-1n49pl7"
          >
            Age: 
          </p>
          <br />
          <p
            className="chakra-text css-1n49pl7"
          >
            Gender: 
          </p>
          <br />
          <p
            className="chakra-text css-1n49pl7"
          >
            Email: 
          </p>
          <br />
          <p
            className="chakra-text css-1n49pl7"
          >
            Username: 
          </p>
          <br />
          <p
            className="chakra-text css-1n49pl7"
          >
            Native Language: 
          </p>
          <br />
          <p
            className="chakra-text css-1n49pl7"
          >
            Target Language: 
          </p>
          <br />
          <p
            className="chakra-text css-1n49pl7"
          >
            User Since: 
          </p>
        </div>
      </div>
    </div>
    <div
      className="css-mx3f2t"
    >
      <div
        className="chakra-card css-1rtzu7b"
      >
        <div
          className="chakra-card__header css-0"
        >
          <h2
            className="chakra-heading css-0"
          >
            User List
          </h2>
        </div>
        <div
          className="chakra-card__body css-0"
        >
          <div
            className="chakra-table__container css-zipzvv"
          >
            <table
              className="chakra-table css-0"
            >
              <thead
                className="css-0"
              >
                <tr
                  className="css-0"
                >
                  <th
                    className="css-0"
                  >
                    Username
                  </th>
                </tr>
              </thead>
              <tbody
                className="css-0"
              />
            </table>
          </div>
        </div>
        <div
          className="chakra-card__footer css-k008qs"
        />
      </div>
    </div>
    <div
      className="css-1iv9klp"
    >
      <div
        className="css-23zkys"
      >
        <button
          className="chakra-button css-4xx2wk"
          onClick={[Function]}
          type="submit"
        >
          Back to Dashboard
        </button>
      </div>
    </div>
  </div>
</div>
`;
