// Jest Snapshot v1, https://goo.gl/fbAQLP

exports[`matches snapshot 1`] = `
<div
  className="css-xccait"
  style={
    Object {
      "background": "url(bg.png)",
      "backgroundColor": "#718096",
      "backgroundPosition": "0px -94px",
      "backgroundSize": "1920px 940px",
    }
  }
>
  <div
    className="css-7g9ilp"
  >
    <h2
      className="chakra-heading css-1r2f04i"
    >
      Sign up for LangChat
    </h2>
    <input
      className="chakra-input css-r7q7qr"
      onBlur={[Function]}
      onChange={[Function]}
      onFocus={[Function]}
      placeholder="Forename"
      value=""
    />
    <input
      className="chakra-input css-r7q7qr"
      onBlur={[Function]}
      onChange={[Function]}
      onFocus={[Function]}
      placeholder="Surname"
      value=""
    />
    <div
      className="chakra-stack css-1232ena"
    >
      <p
        className="chakra-text css-0"
      >
        Age
      </p>
      <div
        className="chakra-numberinput css-pvujds"
        defaultValue={18}
      >
        <input
          aria-valuemax={100}
          aria-valuemin={18}
          aria-valuenow={18}
          aria-valuetext="18"
          autoComplete="off"
          autoCorrect="off"
          className="chakra-numberinput__field css-8atqhb"
          inputMode="decimal"
          onBlur={[Function]}
          onChange={[Function]}
          onFocus={[Function]}
          onKeyDown={[Function]}
          pattern="[0-9]*(.[0-9]+)?"
          role="spinbutton"
          type="text"
          value="18"
        />
        <div
          aria-hidden={true}
          className="css-1j80trz"
        >
          <div
            className="css-8bep6f"
            disabled={false}
            onPointerDown={[Function]}
            onPointerLeave={[Function]}
            onPointerUp={[Function]}
            role="button"
            tabIndex={-1}
          >
            <svg
              className="chakra-icon css-onkibi"
              focusable={false}
              viewBox="0 0 24 24"
            >
              <path
                d="M12.8,5.4c-0.377-0.504-1.223-0.504-1.6,0l-9,12c-0.228,0.303-0.264,0.708-0.095,1.047 C2.275,18.786,2.621,19,3,19h18c0.379,0,0.725-0.214,0.895-0.553c0.169-0.339,0.133-0.744-0.095-1.047L12.8,5.4z"
                fill="currentColor"
              />
            </svg>
          </div>
          <div
            aria-disabled={true}
            className="css-8bep6f"
            disabled={true}
            onPointerDown={[Function]}
            onPointerLeave={[Function]}
            onPointerUp={[Function]}
            role="button"
            tabIndex={-1}
          >
            <svg
              className="chakra-icon css-onkibi"
              focusable={false}
              viewBox="0 0 24 24"
            >
              <path
                d="M21,5H3C2.621,5,2.275,5.214,2.105,5.553C1.937,5.892,1.973,6.297,2.2,6.6l9,12 c0.188,0.252,0.485,0.4,0.8,0.4s0.611-0.148,0.8-0.4l9-12c0.228-0.303,0.264-0.708,0.095-1.047C21.725,5.214,21.379,5,21,5z"
                fill="currentColor"
              />
            </svg>
          </div>
        </div>
      </div>
      <p
        className="chakra-text css-0"
      >
        Gender
      </p>
      <div
        className="chakra-select__wrapper css-9vauj5"
      >
        <select
          className="chakra-select css-1ik61og"
          onBlur={[Function]}
          onChange={[Function]}
          onFocus={[Function]}
          value=""
        >
          <option
            value=""
          >
            Select a Gender
          </option>
          <option>
            Male
          </option>
          <option>
            Female
          </option>
          <option>
            Other
          </option>
        </select>
        <div
          className="chakra-select__icon-wrapper css-162mkon"
        >
          <svg
            aria-hidden={true}
            className="chakra-select__icon"
            focusable={false}
            role="presentation"
            style={
              Object {
                "color": "currentColor",
                "height": "1em",
                "width": "1em",
              }
            }
            viewBox="0 0 24 24"
          >
            <path
              d="M16.59 8.59L12 13.17 7.41 8.59 6 10l6 6 6-6z"
              fill="currentColor"
            />
          </svg>
        </div>
      </div>
    </div>
    <input
      className="chakra-input css-r7q7qr"
      onBlur={[Function]}
      onChange={[Function]}
      onFocus={[Function]}
      placeholder="Email address"
      type="email"
      value=""
    />
    <input
      className="chakra-input css-r7q7qr"
      onBlur={[Function]}
      onChange={[Function]}
      onFocus={[Function]}
      placeholder="Username"
      value=""
    />
    <div
      className="chakra-input__group css-4302v8"
    >
      <input
        className="chakra-input css-r7q7qr"
        onBlur={[Function]}
        onChange={[Function]}
        onFocus={[Function]}
        placeholder="Password"
        type="password"
        value=""
      />
      <div
        className="chakra-input__right-element css-1x84ua"
        size="md"
      >
        <button
          className="chakra-button css-xsdlqf"
          onClick={[Function]}
          type="button"
        >
          Show
        </button>
      </div>
    </div>
    <input
      className="chakra-input css-r7q7qr"
      onBlur={[Function]}
      onChange={[Function]}
      onFocus={[Function]}
      placeholder="Confirm Password"
      type="password"
      value=""
    />
    <div
      className="chakra-select__wrapper css-wt2aqh"
    >
      <select
        className="chakra-select css-1ik61og"
        onBlur={[Function]}
        onChange={[Function]}
        onFocus={[Function]}
        value=""
      >
        <option
          value=""
        >
          What is your native language?
        </option>
        <option>
          Japanese
        </option>
        <option>
          English
        </option>
        <option>
          Spanish
        </option>
      </select>
      <div
        className="chakra-select__icon-wrapper css-162mkon"
      >
        <svg
          aria-hidden={true}
          className="chakra-select__icon"
          focusable={false}
          role="presentation"
          style={
            Object {
              "color": "currentColor",
              "height": "1em",
              "width": "1em",
            }
          }
          viewBox="0 0 24 24"
        >
          <path
            d="M16.59 8.59L12 13.17 7.41 8.59 6 10l6 6 6-6z"
            fill="currentColor"
          />
        </svg>
      </div>
    </div>
    <div
      className="chakra-select__wrapper css-wt2aqh"
    >
      <select
        className="chakra-select css-1ik61og"
        onBlur={[Function]}
        onChange={[Function]}
        onFocus={[Function]}
        value=""
      >
        <option
          value=""
        >
          What language are you learning?
        </option>
        <option>
          Japanese
        </option>
        <option>
          English
        </option>
        <option>
          Spanish
        </option>
      </select>
      <div
        className="chakra-select__icon-wrapper css-162mkon"
      >
        <svg
          aria-hidden={true}
          className="chakra-select__icon"
          focusable={false}
          role="presentation"
          style={
            Object {
              "color": "currentColor",
              "height": "1em",
              "width": "1em",
            }
          }
          viewBox="0 0 24 24"
        >
          <path
            d="M16.59 8.59L12 13.17 7.41 8.59 6 10l6 6 6-6z"
            fill="currentColor"
          />
        </svg>
      </div>
    </div>
    <div
      className="css-ibkbfz"
    >
      <button
        className="chakra-button css-4xx2wk"
        onClick={[Function]}
        type="submit"
      >
        Upload Profile Picture
      </button>
      <input
        mb={5}
        onChange={[Function]}
        style={
          Object {
            "display": "none",
          }
        }
        type="file"
      />
      <p
        className="chakra-text css-0"
      />
    </div>
    <br />
    <button
      className="chakra-button css-4xx2wk"
      onClick={[Function]}
      type="submit"
    >
      Register
    </button>
  </div>
</div>
`;
